[cefoisa.com/index.html]
[backblue.gif]
[fade.gif]
[index.html]
[cefoisa.com/wp-content/themes/astra/assets/css/minified/main.min8686.css]
[cefoisa.com/feed/index.html]
[cefoisa.com/comments/feed/index.html]
[cefoisa.com/wp-includes/css/dist/block-library/style.min1e39.css]
[cefoisa.com/wp-content/uploads/uag-plugin/assets/1000/uag-css-906-17019108143894.css]
[cefoisa.com/wp-content/plugins/wp-whatsapp-chat/build/frontend/css/style22a1.css]
[cefoisa.com/wp-json/wp/v2/pages/906.json]
[cefoisa.com/wp-json/index.html]
[cefoisa.com/xmlrpc0db0.php]
[cefoisa.com/wp-json/oembed/1.0/embed44d3.json]
[cefoisa.com/wp-json/oembed/1.0/embeddb40]
[cefoisa.com/wp-content/uploads/2023/11/logo.svg]
[cefoisa.com/about/index.html]
[cefoisa.com/services/index.html]
[cefoisa.com/projects/index.html]
[cefoisa.com/wp-content/uploads/2023/11/CV_-BROCHURE-CEFOISA-ACTUALIZADO-2022-1_page-0020.jpg]
[cefoisa.com/contact/index.html]
[cefoisa.com/wp-content/uploads/2023/12/Portada_Contacto.jpg]
[cefoisa.com/wp-content/uploads/2023/12/image.png]
[cefoisa.com/wp-content/uploads/2023/12/piling-rig-4429049_1280.jpg]
[cefoisa.com/wp-content/uploads/2021/06/services-11.jpg]
[cefoisa.com/wp-content/uploads/2023/12/WhatsApp-Image-2023-11-26-at-12.23.03-1.jpg]
[cefoisa.com/wp-content/uploads/2023/12/WhatsApp-Image-2023-11-22-at-8.35.20-PM-1.jpg]
[cefoisa.com/wp-content/uploads/2023/12/jeanpier.png]
[cefoisa.com/wp-content/themes/astra/assets/js/minified/frontend.min8686.js]
[cefoisa.com/wp-content/plugins/ultimate-addons-for-gutenberg/assets/js/spectra-block-positioning.min3894.js]
[cefoisa.com/index.html]
[cefoisa.com/wp-content/themes/astra/assets/css/minified/main.min8686.css]
[cefoisa.com/wp-includes/css/dist/block-library/style.min1e39.css]
[cefoisa.com/wp-content/plugins/ultimate-addons-for-gutenberg/assets/css/spectra-block-positioning.min3894.css]
[cefoisa.com/wp-content/plugins/wp-whatsapp-chat/build/frontend/js/index9ca6.js]
[cefoisa.com/wp-content/uploads/2023/12/construction-site-1359136_1280.jpg]
[cefoisa.com/wp-content/uploads/2021/06/quotes-min.jpg]
[cefoisa.com/wp-content/uploads/uag-plugin/assets/1000/uag-css-906-17019108143894.css]
[cefoisa.com/wp-content/plugins/wp-whatsapp-chat/build/frontend/css/style22a1.css]
[cefoisa.com/wp-content/uploads/2023/11/logo.svg]
[cefoisa.com/wp-content/plugins/ultimate-addons-for-gutenberg/assets/css/aos.min3894.css]
[cefoisa.com/wp-content/uploads/uag-plugin/assets/1000/uag-css-908-17020564543894.css]
[cefoisa.com/wp-json/wp/v2/pages/908.json]
[cefoisa.com/wp-json/oembed/1.0/embedb7a2.json]
[cefoisa.com/wp-json/oembed/1.0/embedc6ba]
[cefoisa.com/wp-content/uploads/2023/11/WhatsApp-Image-2023-11-29-at-21.16.01.jpg]
[cefoisa.com/wp-content/uploads/2023/12/construction-2578410_1280-1024x683.jpg]
[cefoisa.com/wp-content/uploads/2023/12/puente.jpg]
[cefoisa.com/wp-content/plugins/ultimate-addons-for-gutenberg/assets/js/aos.min3894.js]
[cefoisa.com/about/index.html]
[cefoisa.com/wp-content/uploads/uag-plugin/assets/1000/uag-css-912-17019123993894.css]
[cefoisa.com/wp-json/wp/v2/pages/912.json]
[cefoisa.com/wp-json/oembed/1.0/embedb44c.json]
[cefoisa.com/wp-json/oembed/1.0/embed4b02]
[cefoisa.com/wp-content/uploads/2023/12/port-2467837_1280.jpg]
[cefoisa.com/wp-content/uploads/2023/12/pit-4428560_1280-1.jpg]
[cefoisa.com/wp-content/uploads/2023/12/pier-795611_1280.jpg]
[cefoisa.com/wp-content/uploads/2023/12/pexels-kateryna-babaieva-2760243-1.jpg]
[cefoisa.com/wp-content/uploads/2023/12/pipeline-1264084_1280.jpg]
[cefoisa.com/wp-content/uploads/2023/12/construction-site-2906337_1280.jpg]
[cefoisa.com/wp-content/uploads/2023/12/construction-site-3688252_1280.jpg]
[cefoisa.com/wp-content/uploads/2023/12/building-1210677_1280.jpg]
[cefoisa.com/wp-content/uploads/2023/12/construction-2578410_1280.jpg]
[cefoisa.com/services/index.html]
[cefoisa.com/wp-content/uploads/uag-plugin/assets/1000/uag-css-910-17019132313894.css]
[cefoisa.com/wp-json/wp/v2/pages/910.json]
[cefoisa.com/wp-json/oembed/1.0/embedc1a9.json]
[cefoisa.com/wp-json/oembed/1.0/embed04c3]
[cefoisa.com/wp-content/uploads/2023/11/CV_-BROCHURE-CEFOISA-ACTUALIZADO-2022-1_page-0058-1024x576.jpg]
[cefoisa.com/wp-content/uploads/2023/11/CV_-BROCHURE-CEFOISA-ACTUALIZADO-2022-1_page-0059-1024x576.jpg]
[cefoisa.com/wp-content/uploads/2023/11/CV_-BROCHURE-CEFOISA-ACTUALIZADO-2022-1_page-0060-1024x576.jpg]
[cefoisa.com/wp-content/uploads/2023/11/CV_-BROCHURE-CEFOISA-ACTUALIZADO-2022-1_page-0061-1024x576.jpg]
[cefoisa.com/wp-content/uploads/2023/11/CV_-BROCHURE-CEFOISA-ACTUALIZADO-2022-1_page-0055-1024x576.jpg]
[cefoisa.com/wp-content/uploads/2023/11/CV_-BROCHURE-CEFOISA-ACTUALIZADO-2022-1_page-0056-1024x576.jpg]
[cefoisa.com/wp-content/uploads/2023/11/CV_-BROCHURE-CEFOISA-ACTUALIZADO-2022-1_page-0057-1024x576.jpg]
[cefoisa.com/wp-content/uploads/2023/11/CV_-BROCHURE-CEFOISA-ACTUALIZADO-2022-1_page-0049-1024x576.jpg]
[cefoisa.com/wp-content/uploads/2023/11/CV_-BROCHURE-CEFOISA-ACTUALIZADO-2022-1_page-0050-1024x576.jpg]
[cefoisa.com/wp-content/uploads/2023/11/CV_-BROCHURE-CEFOISA-ACTUALIZADO-2022-1_page-0051-1024x576.jpg]
[cefoisa.com/wp-content/uploads/2023/11/CV_-BROCHURE-CEFOISA-ACTUALIZADO-2022-1_page-0052-1024x576.jpg]
[cefoisa.com/wp-content/uploads/2023/11/CV_-BROCHURE-CEFOISA-ACTUALIZADO-2022-1_page-0053-1024x576.jpg]
[cefoisa.com/wp-content/uploads/2023/11/CV_-BROCHURE-CEFOISA-ACTUALIZADO-2022-1_page-0054-1024x576.jpg]
[cefoisa.com/wp-content/uploads/2023/11/CV_-BROCHURE-CEFOISA-ACTUALIZADO-2022-1_page-0045-1024x576.jpg]
[cefoisa.com/wp-content/uploads/2023/11/CV_-BROCHURE-CEFOISA-ACTUALIZADO-2022-1_page-0046-1024x576.jpg]
[cefoisa.com/wp-content/uploads/2023/11/CV_-BROCHURE-CEFOISA-ACTUALIZADO-2022-1_page-0047-1024x576.jpg]
[cefoisa.com/wp-content/uploads/2023/11/CV_-BROCHURE-CEFOISA-ACTUALIZADO-2022-1_page-0048-1024x576.jpg]
[cefoisa.com/wp-content/uploads/2023/11/CV_-BROCHURE-CEFOISA-ACTUALIZADO-2022-1_page-0040-1024x576.jpg]
[cefoisa.com/wp-content/uploads/2023/11/CV_-BROCHURE-CEFOISA-ACTUALIZADO-2022-1_page-0041-1024x576.jpg]
[cefoisa.com/wp-content/uploads/2023/11/CV_-BROCHURE-CEFOISA-ACTUALIZADO-2022-1_page-0042-1024x576.jpg]
[cefoisa.com/wp-content/uploads/2023/11/CV_-BROCHURE-CEFOISA-ACTUALIZADO-2022-1_page-0043-1024x576.jpg]
[cefoisa.com/wp-content/uploads/2023/11/CV_-BROCHURE-CEFOISA-ACTUALIZADO-2022-1_page-0044-1024x576.jpg]
[cefoisa.com/wp-content/uploads/2023/11/CV_-BROCHURE-CEFOISA-ACTUALIZADO-2022-1_page-0036-1024x576.jpg]
[cefoisa.com/wp-content/uploads/2023/11/CV_-BROCHURE-CEFOISA-ACTUALIZADO-2022-1_page-0037-1024x576.jpg]
[cefoisa.com/wp-content/uploads/2023/11/CV_-BROCHURE-CEFOISA-ACTUALIZADO-2022-1_page-0038-1024x576.jpg]
[cefoisa.com/wp-content/uploads/2023/11/CV_-BROCHURE-CEFOISA-ACTUALIZADO-2022-1_page-0039-1024x576.jpg]
[cefoisa.com/wp-content/uploads/2023/11/CV_-BROCHURE-CEFOISA-ACTUALIZADO-2022-1_page-0031-1024x576.jpg]
[cefoisa.com/wp-content/uploads/2023/11/CV_-BROCHURE-CEFOISA-ACTUALIZADO-2022-1_page-0032-1024x576.jpg]
[cefoisa.com/wp-content/uploads/2023/11/CV_-BROCHURE-CEFOISA-ACTUALIZADO-2022-1_page-0033-1024x576.jpg]
[cefoisa.com/wp-content/uploads/2023/11/CV_-BROCHURE-CEFOISA-ACTUALIZADO-2022-1_page-0034-1024x576.jpg]
[cefoisa.com/wp-content/uploads/2023/11/CV_-BROCHURE-CEFOISA-ACTUALIZADO-2022-1_page-0035-1024x576.jpg]
[cefoisa.com/wp-content/uploads/2023/11/CV_-BROCHURE-CEFOISA-ACTUALIZADO-2022-1_page-0027-1024x576.jpg]
[cefoisa.com/wp-content/uploads/2023/11/CV_-BROCHURE-CEFOISA-ACTUALIZADO-2022-1_page-0028-1024x576.jpg]
[cefoisa.com/wp-content/uploads/2023/11/CV_-BROCHURE-CEFOISA-ACTUALIZADO-2022-1_page-0029-1024x576.jpg]
[cefoisa.com/wp-content/uploads/2023/11/CV_-BROCHURE-CEFOISA-ACTUALIZADO-2022-1_page-0030-1024x576.jpg]
[cefoisa.com/wp-content/uploads/2023/11/CV_-BROCHURE-CEFOISA-ACTUALIZADO-2022-1_page-0023-1024x576.jpg]
[cefoisa.com/wp-content/uploads/2023/11/CV_-BROCHURE-CEFOISA-ACTUALIZADO-2022-1_page-0024-1024x576.jpg]
[cefoisa.com/wp-content/uploads/2023/11/CV_-BROCHURE-CEFOISA-ACTUALIZADO-2022-1_page-0025-1024x576.jpg]
[cefoisa.com/wp-content/uploads/2023/11/CV_-BROCHURE-CEFOISA-ACTUALIZADO-2022-1_page-0026-1024x576.jpg]
[cefoisa.com/wp-content/uploads/2023/11/CV_-BROCHURE-CEFOISA-ACTUALIZADO-2022-1_page-0020-1024x576.jpg]
[cefoisa.com/wp-content/uploads/2023/11/CV_-BROCHURE-CEFOISA-ACTUALIZADO-2022-1_page-0021-1024x576.jpg]
[cefoisa.com/wp-content/uploads/2023/11/CV_-BROCHURE-CEFOISA-ACTUALIZADO-2022-1_page-0022-1024x576.jpg]
[cefoisa.com/wp-content/uploads/2023/11/CV_-BROCHURE-CEFOISA-ACTUALIZADO-2022-1_page-0016-1024x576.jpg]
[cefoisa.com/wp-content/uploads/2023/11/CV_-BROCHURE-CEFOISA-ACTUALIZADO-2022-1_page-0017-1024x576.jpg]
[cefoisa.com/wp-content/uploads/2023/11/CV_-BROCHURE-CEFOISA-ACTUALIZADO-2022-1_page-0018-1024x576.jpg]
[cefoisa.com/wp-content/uploads/2023/11/CV_-BROCHURE-CEFOISA-ACTUALIZADO-2022-1_page-0019-1024x576.jpg]
[cefoisa.com/wp-content/uploads/2023/11/CV_-BROCHURE-CEFOISA-ACTUALIZADO-2022-1_page-0013-1024x576.jpg]
[cefoisa.com/wp-content/uploads/2023/11/CV_-BROCHURE-CEFOISA-ACTUALIZADO-2022-1_page-0014-1024x576.jpg]
[cefoisa.com/wp-content/uploads/2023/11/CV_-BROCHURE-CEFOISA-ACTUALIZADO-2022-1_page-0015-1024x576.jpg]
[cefoisa.com/wp-content/uploads/2023/11/CV_-BROCHURE-CEFOISA-ACTUALIZADO-2022-1_page-0010-1024x576.jpg]
[cefoisa.com/wp-content/uploads/2023/11/CV_-BROCHURE-CEFOISA-ACTUALIZADO-2022-1_page-0011-1024x576.jpg]
[cefoisa.com/wp-content/uploads/2023/11/CV_-BROCHURE-CEFOISA-ACTUALIZADO-2022-1_page-0012-1024x576.jpg]
[cefoisa.com/wp-content/uploads/2023/11/CV_-BROCHURE-CEFOISA-ACTUALIZADO-2022-1_page-0006-1024x576.jpg]
[cefoisa.com/wp-content/uploads/2023/11/CV_-BROCHURE-CEFOISA-ACTUALIZADO-2022-1_page-0007-1024x576.jpg]
[cefoisa.com/wp-content/uploads/2023/11/CV_-BROCHURE-CEFOISA-ACTUALIZADO-2022-1_page-0008-1024x576.jpg]
[cefoisa.com/wp-content/uploads/2023/11/CV_-BROCHURE-CEFOISA-ACTUALIZADO-2022-1_page-0009-1024x576.jpg]
[cefoisa.com/wp-content/uploads/2023/11/CV_-BROCHURE-CEFOISA-ACTUALIZADO-2022-1_page-0003-1024x576.jpg]
[cefoisa.com/wp-content/uploads/2023/11/CV_-BROCHURE-CEFOISA-ACTUALIZADO-2022-1_page-0004-1024x576.jpg]
[cefoisa.com/wp-content/uploads/2023/11/CV_-BROCHURE-CEFOISA-ACTUALIZADO-2022-1_page-0005-1024x576.jpg]
[cefoisa.com/projects/index.html]
[cefoisa.com/wp-content/uploads/uag-plugin/assets/1000/uag-css-914-17020677603894.css]
[cefoisa.com/wp-content/plugins/wpforms-lite/assets/css/frontend/classic/wpforms-base.minda65.css]
[cefoisa.com/wp-json/wp/v2/pages/914.json]
[cefoisa.com/wp-json/oembed/1.0/embed6ae5.json]
[cefoisa.com/wp-json/oembed/1.0/embeda572]
[cefoisa.com/wp-content/uploads/2023/12/Contacto1-1-682x1024.jpg]
[cefoisa.com/wp-includes/js/jquery/jquery.minf43b.js]
[cefoisa.com/wp-includes/js/jquery/jquery-migrate.min5589.js]
[cefoisa.com/wp-content/plugins/wpforms-lite/assets/lib/jquery.validate.min7e9d.js]
[cefoisa.com/wp-content/plugins/wpforms-lite/assets/lib/mailcheck.mincfa9.js]
[cefoisa.com/wp-content/plugins/wpforms-lite/assets/lib/punycode.min8a54.js]
[cefoisa.com/wp-content/plugins/wpforms-lite/assets/js/utils.minda65.js]
[cefoisa.com/contact/index.html]
[cefoisa.com/wp-content/themes/astra/assets/js/minified/frontend.min8686.js]
[cefoisa.com/wp-content/plugins/ultimate-addons-for-gutenberg/assets/js/spectra-block-positioning.min3894.js]
[cefoisa.com/wp-content/plugins/wp-whatsapp-chat/build/frontend/js/index9ca6.js]
[cefoisa.com/wp-content/plugins/ultimate-addons-for-gutenberg/assets/css/aos.min3894.css]
[cefoisa.com/wp-content/plugins/wpforms-lite/assets/js/wpforms.minda65.js]
[cefoisa.com/wp-content/uploads/2023/12/pit-4428560_1280.jpg]
[cefoisa.com/wp-content/uploads/uag-plugin/assets/1000/uag-css-908-17020564543894.css]
[cefoisa.com/indexdd92.html]
[cefoisa.com/wp-content/plugins/ultimate-addons-for-gutenberg/assets/js/aos.min3894.js]
[cefoisa.com/wp-content/plugins/ultimate-addons-for-gutenberg/assets/js/spectra-animations.min3894.js]
[cefoisa.com/wp-content/uploads/uag-plugin/assets/1000/uag-css-912-17019123993894.css]
[cefoisa.com/index94f9.html]
[cefoisa.com/about/dist/index.html]
[cefoisa.com/wp-content/uploads/2023/11/nosotros-2.jpg]
[cefoisa.com/wp-content/uploads/uag-plugin/assets/1000/uag-css-910-17019132313894.css]
[cefoisa.com/index0865.html]
[cefoisa.com/wp-content/uploads/uag-plugin/assets/1000/uag-css-914-17020677603894.css]
[cefoisa.com/wp-content/plugins/wpforms-lite/assets/pro/images/times-solid-white.svg]
[cefoisa.com/wp-content/plugins/wpforms-lite/assets/css/frontend/classic/wpforms-base.minda65.css]
[cefoisa.com/indexaa07.html]
[cefoisa.com/wp-includes/js/jquery/jquery.minf43b.js]
[cefoisa.com/wp-includes/js/jquery/jquery-migrate.min5589.js]
[cefoisa.com/wp-content/plugins/wpforms-lite/assets/lib/jquery.validate.min7e9d.js]
[cefoisa.com/contact/optusnet.com.au]
[cefoisa.com/contact/com.au]
[cefoisa.com/contact/net.au]
[cefoisa.com/wp-content/plugins/wpforms-lite/assets/lib/mailcheck.mincfa9.js]
[cefoisa.com/wp-content/plugins/wpforms-lite/assets/lib/punycode.min8a54.js]
[cefoisa.com/wp-content/plugins/wpforms-lite/assets/js/utils.minda65.js]
[cefoisa.com/wp-content/plugins/wpforms-lite/assets/js/wpforms.minda65.js]
[cefoisa.com/about/dist/index.html]
[cefoisa.com/wp-content/plugins/wpforms-lite/assets/pro/images/times-solid-white.html]
[cefoisa.com/contact/optusnet.com.html]
[cefoisa.com/contact/com.html]
[cefoisa.com/contact/net.html]
